{
  "version": "1.5.0",
  "plugins_used": [
    {
      "name": "ArtifactoryDetector"
    },
    {
      "name": "AWSKeyDetector"
    },
    {
      "name": "AzureStorageKeyDetector"
    },
    {
      "name": "Base64HighEntropyString",
      "limit": 4.5
    },
    {
      "name": "BasicAuthDetector"
    },
    {
      "name": "CloudantDetector"
    },
    {
      "name": "DiscordBotTokenDetector"
    },
    {
      "name": "GitHubTokenDetector"
    },
    {
      "name": "GitLabTokenDetector"
    },
    {
      "name": "HexHighEntropyString",
      "limit": 3.0
    },
    {
      "name": "IbmCloudIamDetector"
    },
    {
      "name": "IbmCosHmacDetector"
    },
    {
      "name": "IPPublicDetector"
    },
    {
      "name": "JwtTokenDetector"
    },
    {
      "name": "KeywordDetector",
      "keyword_exclude": ""
    },
    {
      "name": "MailchimpDetector"
    },
    {
      "name": "NpmDetector"
    },
    {
      "name": "OpenAIDetector"
    },
    {
      "name": "PrivateKeyDetector"
    },
    {
      "name": "PypiTokenDetector"
    },
    {
      "name": "SendGridDetector"
    },
    {
      "name": "SlackDetector"
    },
    {
      "name": "SoftlayerDetector"
    },
    {
      "name": "SquareOAuthDetector"
    },
    {
      "name": "StripeDetector"
    },
    {
      "name": "TelegramBotTokenDetector"
    },
    {
      "name": "TwilioKeyDetector"
    }
  ],
  "filters_used": [
    {
      "path": "detect_secrets.filters.allowlist.is_line_allowlisted"
    },
    {
      "path": "detect_secrets.filters.common.is_baseline_file",
      "filename": ".secrets.baseline"
    },
    {
      "path": "detect_secrets.filters.common.is_ignored_due_to_verification_policies",
      "min_level": 2
    },
    {
      "path": "detect_secrets.filters.heuristic.is_indirect_reference"
    },
    {
      "path": "detect_secrets.filters.heuristic.is_likely_id_string"
    },
    {
      "path": "detect_secrets.filters.heuristic.is_lock_file"
    },
    {
      "path": "detect_secrets.filters.heuristic.is_not_alphanumeric_string"
    },
    {
      "path": "detect_secrets.filters.heuristic.is_potential_uuid"
    },
    {
      "path": "detect_secrets.filters.heuristic.is_prefixed_with_dollar_sign"
    },
    {
      "path": "detect_secrets.filters.heuristic.is_sequential_string"
    },
    {
      "path": "detect_secrets.filters.heuristic.is_swagger_file"
    },
    {
      "path": "detect_secrets.filters.heuristic.is_templated_secret"
    },
    {
      "path": "detect_secrets.filters.regex.should_exclude_file",
      "pattern": [
        "\\.env$",
        "pnpm-lock\\.yaml$",
        "\\.env\\.(default|example|template)$",
        "__pycache__",
        "_test\\.py$",
        "test_.*\\.py$",
        "conftest\\.py$",
        "poetry\\.lock$",
        "node_modules"
      ]
    }
  ],
  "results": {
    "autogpt_platform/backend/backend/api/external/v1/integrations.py": [
      {
        "type": "Secret Keyword",
        "filename": "autogpt_platform/backend/backend/api/external/v1/integrations.py",
        "hashed_secret": "665b1e3851eefefa3fb878654292f16597d25155",
        "is_verified": false,
        "line_number": 289
      }
    ],
    "autogpt_platform/backend/backend/blocks/airtable/_config.py": [
      {
        "type": "Secret Keyword",
        "filename": "autogpt_platform/backend/backend/blocks/airtable/_config.py",
        "hashed_secret": "57e168b03afb7c1ee3cdc4ee3db2fe1cc6e0df26",
        "is_verified": false,
        "line_number": 29
      }
    ],
    "autogpt_platform/backend/backend/blocks/dataforseo/_config.py": [
      {
        "type": "Secret Keyword",
        "filename": "autogpt_platform/backend/backend/blocks/dataforseo/_config.py",
        "hashed_secret": "32ce93887331fa5d192f2876ea15ec000c7d58b8",
        "is_verified": false,
        "line_number": 12
      }
    ],
    "autogpt_platform/backend/backend/blocks/github/checks.py": [
      {
        "type": "Hex High Entropy String",
        "filename": "autogpt_platform/backend/backend/blocks/github/checks.py",
        "hashed_secret": "8ac6f92737d8586790519c5d7bfb4d2eb172c238",
        "is_verified": false,
        "line_number": 108
      }
    ],
    "autogpt_platform/backend/backend/blocks/github/ci.py": [
      {
        "type": "Hex High Entropy String",
        "filename": "autogpt_platform/backend/backend/blocks/github/ci.py",
        "hashed_secret": "90bd1b48e958257948487b90bee080ba5ed00caa",
        "is_verified": false,
        "line_number": 123
      }
    ],
    "autogpt_platform/backend/backend/blocks/github/example_payloads/pull_request.synchronize.json": [
      {
        "type": "Hex High Entropy String",
        "filename": "autogpt_platform/backend/backend/blocks/github/example_payloads/pull_request.synchronize.json",
        "hashed_secret": "f96896dafced7387dcd22343b8ea29d3d2c65663",
        "is_verified": false,
        "line_number": 42
      },
      {
        "type": "Hex High Entropy String",
        "filename": "autogpt_platform/backend/backend/blocks/github/example_payloads/pull_request.synchronize.json",
        "hashed_secret": "b80a94d5e70bedf4f5f89d2f5a5255cc9492d12e",
        "is_verified": false,
        "line_number": 193
      },
      {
        "type": "Hex High Entropy String",
        "filename": "autogpt_platform/backend/backend/blocks/github/example_payloads/pull_request.synchronize.json",
        "hashed_secret": "75b17e517fe1b3136394f6bec80c4f892da75e42",
        "is_verified": false,
        "line_number": 344
      },
      {
        "type": "Hex High Entropy String",
        "filename": "autogpt_platform/backend/backend/blocks/github/example_payloads/pull_request.synchronize.json",
        "hashed_secret": "b0bfb5e4e2394e7f8906e5ed1dffd88b2bc89dd5",
        "is_verified": false,
        "line_number": 534
      }
    ],
    "autogpt_platform/backend/backend/blocks/github/statuses.py": [
      {
        "type": "Hex High Entropy String",
        "filename": "autogpt_platform/backend/backend/blocks/github/statuses.py",
        "hashed_secret": "8ac6f92737d8586790519c5d7bfb4d2eb172c238",
        "is_verified": false,
        "line_number": 85
      }
    ],
    "autogpt_platform/backend/backend/blocks/google/docs.py": [
      {
        "type": "Hex High Entropy String",
        "filename": "autogpt_platform/backend/backend/blocks/google/docs.py",
        "hashed_secret": "c95da0c6696342c867ef0c8258d2f74d20fd94d4",
        "is_verified": false,
        "line_number": 203
      }
    ],
    "autogpt_platform/backend/backend/blocks/google/sheets.py": [
      {
        "type": "Base64 High Entropy String",
        "filename": "autogpt_platform/backend/backend/blocks/google/sheets.py",
        "hashed_secret": "bd5a04fa3667e693edc13239b6d310c5c7a8564b",
        "is_verified": false,
        "line_number": 57
      }
    ],
    "autogpt_platform/backend/backend/blocks/linear/_config.py": [
      {
        "type": "Secret Keyword",
        "filename": "autogpt_platform/backend/backend/blocks/linear/_config.py",
        "hashed_secret": "b37f020f42d6d613b6ce30103e4d408c4499b3bb",
        "is_verified": false,
        "line_number": 53
      }
    ],
    "autogpt_platform/backend/backend/blocks/medium.py": [
      {
        "type": "Hex High Entropy String",
        "filename": "autogpt_platform/backend/backend/blocks/medium.py",
        "hashed_secret": "ff998abc1ce6d8f01a675fa197368e44c8916e9c",
        "is_verified": false,
        "line_number": 131
      }
    ],
    "autogpt_platform/backend/backend/blocks/replicate/replicate_block.py": [
      {
        "type": "Hex High Entropy String",
        "filename": "autogpt_platform/backend/backend/blocks/replicate/replicate_block.py",
        "hashed_secret": "8bbdd6f26368f58ea4011d13d7f763cb662e66f0",
        "is_verified": false,
        "line_number": 67
      }
    ],
    "autogpt_platform/backend/backend/blocks/slant3d/webhook.py": [
      {
        "type": "Hex High Entropy String",
        "filename": "autogpt_platform/backend/backend/blocks/slant3d/webhook.py",
        "hashed_secret": "36263c76947443b2f6e6b78153967ac4a7da99f9",
        "is_verified": false,
        "line_number": 100
      }
    ],
    "autogpt_platform/backend/backend/blocks/talking_head.py": [
      {
        "type": "Base64 High Entropy String",
        "filename": "autogpt_platform/backend/backend/blocks/talking_head.py",
        "hashed_secret": "44ce2d66222529eea4a32932823466fc0601c799",
        "is_verified": false,
        "line_number": 113
      }
    ],
    "autogpt_platform/backend/backend/blocks/wordpress/_config.py": [
      {
        "type": "Secret Keyword",
        "filename": "autogpt_platform/backend/backend/blocks/wordpress/_config.py",
        "hashed_secret": "e62679512436161b78e8a8d68c8829c2a1031ccb",
        "is_verified": false,
        "line_number": 17
      }
    ],
    "autogpt_platform/backend/backend/util/cache.py": [
      {
        "type": "Secret Keyword",
        "filename": "autogpt_platform/backend/backend/util/cache.py",
        "hashed_secret": "37f0c918c3fa47ca4a70e42037f9f123fdfbc75b",
        "is_verified": false,
        "line_number": 449
      }
    ],
    "autogpt_platform/frontend/src/app/(platform)/build/components/FlowEditor/nodes/helpers.ts": [
      {
        "type": "Secret Keyword",
        "filename": "autogpt_platform/frontend/src/app/(platform)/build/components/FlowEditor/nodes/helpers.ts",
        "hashed_secret": "5baa61e4c9b93f3f0682250b6cf8331b7ee68fd8",
        "is_verified": false,
        "line_number": 6
      }
    ],
    "autogpt_platform/frontend/src/app/(platform)/dictionaries/en.json": [
      {
        "type": "Secret Keyword",
        "filename": "autogpt_platform/frontend/src/app/(platform)/dictionaries/en.json",
        "hashed_secret": "8be3c943b1609fffbfc51aad666d0a04adf83c9d",
        "is_verified": false,
        "line_number": 5
      }
    ],
    "autogpt_platform/frontend/src/app/(platform)/dictionaries/es.json": [
      {
        "type": "Secret Keyword",
        "filename": "autogpt_platform/frontend/src/app/(platform)/dictionaries/es.json",
        "hashed_secret": "5a6d1c612954979ea99ee33dbb2d231b00f6ac0a",
        "is_verified": false,
        "line_number": 5
      }
    ],
    "autogpt_platform/frontend/src/app/(platform)/library/agents/[id]/components/NewAgentLibraryView/components/modals/AgentInputsReadOnly/helpers.ts": [
      {
        "type": "Secret Keyword",
        "filename": "autogpt_platform/frontend/src/app/(platform)/library/agents/[id]/components/NewAgentLibraryView/components/modals/AgentInputsReadOnly/helpers.ts",
        "hashed_secret": "cf678cab87dc1f7d1b95b964f15375e088461679",
        "is_verified": false,
        "line_number": 6
      },
      {
        "type": "Secret Keyword",
        "filename": "autogpt_platform/frontend/src/app/(platform)/library/agents/[id]/components/NewAgentLibraryView/components/modals/AgentInputsReadOnly/helpers.ts",
        "hashed_secret": "f72cbb45464d487064610c5411c576ca4019d380",
        "is_verified": false,
        "line_number": 8
      }
    ],
    "autogpt_platform/frontend/src/app/(platform)/library/agents/[id]/components/NewAgentLibraryView/components/modals/RunAgentModal/components/ModalRunSection/helpers.ts": [
      {
        "type": "Secret Keyword",
        "filename": "autogpt_platform/frontend/src/app/(platform)/library/agents/[id]/components/NewAgentLibraryView/components/modals/RunAgentModal/components/ModalRunSection/helpers.ts",
        "hashed_secret": "cf678cab87dc1f7d1b95b964f15375e088461679",
        "is_verified": false,
        "line_number": 5
      },
      {
        "type": "Secret Keyword",
        "filename": "autogpt_platform/frontend/src/app/(platform)/library/agents/[id]/components/NewAgentLibraryView/components/modals/RunAgentModal/components/ModalRunSection/helpers.ts",
        "hashed_secret": "f72cbb45464d487064610c5411c576ca4019d380",
        "is_verified": false,
        "line_number": 7
      }
    ],
    "autogpt_platform/frontend/src/app/(platform)/profile/(user)/integrations/page.tsx": [
      {
        "type": "Secret Keyword",
        "filename": "autogpt_platform/frontend/src/app/(platform)/profile/(user)/integrations/page.tsx",
        "hashed_secret": "cf678cab87dc1f7d1b95b964f15375e088461679",
        "is_verified": false,
        "line_number": 192
      },
      {
        "type": "Secret Keyword",
        "filename": "autogpt_platform/frontend/src/app/(platform)/profile/(user)/integrations/page.tsx",
        "hashed_secret": "86275db852204937bbdbdebe5fabe8536e030ab6",
        "is_verified": false,
        "line_number": 193
      }
    ],
    "autogpt_platform/frontend/src/components/contextual/CredentialsInput/helpers.ts": [
      {
        "type": "Secret Keyword",
        "filename": "autogpt_platform/frontend/src/components/contextual/CredentialsInput/helpers.ts",
        "hashed_secret": "47acd2028cf81b5da88ddeedb2aea4eca4b71fbd",
        "is_verified": false,
        "line_number": 102
      },
      {
        "type": "Secret Keyword",
        "filename": "autogpt_platform/frontend/src/components/contextual/CredentialsInput/helpers.ts",
        "hashed_secret": "8be3c943b1609fffbfc51aad666d0a04adf83c9d",
        "is_verified": false,
        "line_number": 103
      }
    ],
    "autogpt_platform/frontend/src/lib/autogpt-server-api/utils.ts": [
      {
        "type": "Base64 High Entropy String",
        "filename": "autogpt_platform/frontend/src/lib/autogpt-server-api/utils.ts",
        "hashed_secret": "9c486c92f1a7420e1045c7ad963fbb7ba3621025",
        "is_verified": false,
        "line_number": 73
      },
      {
        "type": "Base64 High Entropy String",
        "filename": "autogpt_platform/frontend/src/lib/autogpt-server-api/utils.ts",
        "hashed_secret": "9277508c7a6effc8fb59163efbfada189e35425c",
        "is_verified": false,
        "line_number": 75
      },
      {
        "type": "Base64 High Entropy String",
        "filename": "autogpt_platform/frontend/src/lib/autogpt-server-api/utils.ts",
        "hashed_secret": "8dc7e2cb1d0935897d541bf5facab389b8a50340",
        "is_verified": false,
        "line_number": 77
      },
      {
        "type": "Base64 High Entropy String",
        "filename": "autogpt_platform/frontend/src/lib/autogpt-server-api/utils.ts",
        "hashed_secret": "79a26ad48775944299be6aaf9fb1d5302c1ed75b",
        "is_verified": false,
        "line_number": 79
      },
      {
        "type": "Base64 High Entropy String",
        "filename": "autogpt_platform/frontend/src/lib/autogpt-server-api/utils.ts",
        "hashed_secret": "a3b62b44500a1612e48d4cab8294df81561b3b1a",
        "is_verified": false,
        "line_number": 81
      },
      {
        "type": "Base64 High Entropy String",
        "filename": "autogpt_platform/frontend/src/lib/autogpt-server-api/utils.ts",
        "hashed_secret": "a58979bd0b21ef4f50417d001008e60dd7a85c64",
        "is_verified": false,
        "line_number": 83
      },
      {
        "type": "Base64 High Entropy String",
        "filename": "autogpt_platform/frontend/src/lib/autogpt-server-api/utils.ts",
        "hashed_secret": "6cb6e075f8e8c7c850f9d128d6608e5dbe209a79",
        "is_verified": false,
        "line_number": 85
      }
    ],
    "autogpt_platform/frontend/src/lib/constants.ts": [
      {
        "type": "Secret Keyword",
        "filename": "autogpt_platform/frontend/src/lib/constants.ts",
        "hashed_secret": "27b924db06a28cc755fb07c54f0fddc30659fe4d",
        "is_verified": false,
        "line_number": 13
      }
    ],
    "autogpt_platform/frontend/src/tests/credentials/index.ts": [
      {
        "type": "Secret Keyword",
        "filename": "autogpt_platform/frontend/src/tests/credentials/index.ts",
        "hashed_secret": "c18006fc138809314751cd1991f1e0b820fabd37",
        "is_verified": false,
        "line_number": 4
      }
    ]
  },
  "generated_at": "2026-04-24T16:42:44Z"
}
